// Jest Snapshot v1, https://goo.gl/fbAQLP

exports[`Info component should render UserInfo component 1`] = `
<UserInfo
  loadUser={
    [MockFunction] {
      "calls": Array [
        Array [
          7,
        ],
      ],
      "results": Array [
        Object {
          "type": "return",
          "value": undefined,
        },
      ],
    }
  }
  user={
    Object {
      "avatar_url": "https://avatars2.githubusercontent.com/u/21185613?v=4",
      "bio": null,
      "blog": "",
      "company": null,
      "created_at": "2016-08-23T00:32:30Z",
      "email": null,
      "events_url": "https://api.github.com/users/10/events{/privacy}",
      "followers": 0,
      "followers_url": "https://api.github.com/users/10/followers",
      "following": 0,
      "following_url": "https://api.github.com/users/10/following{/other_user}",
      "gists_url": "https://api.github.com/users/10/gists{/gist_id}",
      "gravatar_id": "",
      "hireable": null,
      "html_url": "https://github.com/10",
      "id": 21185613,
      "location": null,
      "login": "10",
      "name": null,
      "node_id": "MDEyOk9yZ2FuaXphdGlvbjIxMTg1NjEz",
      "organizations_url": "https://api.github.com/users/10/orgs",
      "public_gists": 0,
      "public_repos": 0,
      "received_events_url": "https://api.github.com/users/10/received_events",
      "repos_url": "https://api.github.com/users/10/repos",
      "site_admin": false,
      "starred_url": "https://api.github.com/users/10/starred{/owner}{/repo}",
      "subscriptions_url": "https://api.github.com/users/10/subscriptions",
      "type": "Organization",
      "updated_at": "2019-07-17T16:28:11Z",
      "url": "https://api.github.com/users/10",
    }
  }
/>
`;
